// Jest Snapshot v1, https://goo.gl/fbAQLP

exports[`the CarFinder component renders correctly 1`] = `
<main
  className="grid"
>
  <div>
    <div
      className="filterContainer"
    >
      <div
        className="sortControl"
      >
        <label>
          Sort By:
          <select
            onChange={[Function]}
          >
            <option
              value="year"
            >
              Year - Oldest to Newest
            </option>
            <option
              value="mileage"
            >
              Mileage - Highest to Lowest
            </option>
            <option
              value="created_at"
            >
              Date Listed - Newest to Oldest
            </option>
          </select>
        </label>
      </div>
      <div>
        <span>
          Search: 
        </span>
        <input
          onChange={[Function]}
          type="text"
        />
      </div>
    </div>
    <table
      className="CarList"
    >
      <thead>
        <tr>
          <th>
            Year
          </th>
          <th>
            Make
          </th>
          <th>
            Model
          </th>
          <th>
            Mileage
          </th>
        </tr>
      </thead>
      <tbody>
        <tr
          className="CarRow"
          onClick={[Function]}
        >
          <td>
            1999
          </td>
          <td>
            BMW
          </td>
          <td>
            528i
          </td>
          <td>
            160254
          </td>
        </tr>
        <tr
          className="CarRow"
          onClick={[Function]}
        >
          <td>
            2013
          </td>
          <td>
            Jeep
          </td>
          <td>
            Wrangler Unlimited
          </td>
          <td>
            19000
          </td>
        </tr>
        <tr
          className="CarRow"
          onClick={[Function]}
        >
          <td>
            2013
          </td>
          <td>
            Hyundai
          </td>
          <td>
            Accent
          </td>
          <td>
            21587
          </td>
        </tr>
        <tr
          className="CarRow"
          onClick={[Function]}
        >
          <td>
            2013
          </td>
          <td>
            Kia
          </td>
          <td>
            Optima
          </td>
          <td>
            24235
          </td>
        </tr>
        <tr
          className="CarRow"
          onClick={[Function]}
        >
          <td>
            2013
          </td>
          <td>
            Nissan
          </td>
          <td>
            Maxima
          </td>
          <td>
            17489
          </td>
        </tr>
        <tr
          className="CarRow"
          onClick={[Function]}
        >
          <td>
            2013
          </td>
          <td>
            Volkswagen
          </td>
          <td>
            Eos
          </td>
          <td>
            18145
          </td>
        </tr>
        <tr
          className="CarRow"
          onClick={[Function]}
        >
          <td>
            2013
          </td>
          <td>
            Audi
          </td>
          <td>
            A5
          </td>
          <td>
            17216
          </td>
        </tr>
        <tr
          className="CarRow"
          onClick={[Function]}
        >
          <td>
            2014
          </td>
          <td>
            Nissan
          </td>
          <td>
            Titan
          </td>
          <td>
            15478
          </td>
        </tr>
        <tr
          className="CarRow"
          onClick={[Function]}
        >
          <td>
            2014
          </td>
          <td>
            Honda
          </td>
          <td>
            Civic
          </td>
          <td>
            21458
          </td>
        </tr>
        <tr
          className="CarRow"
          onClick={[Function]}
        >
          <td>
            2014
          </td>
          <td>
            Jaguar
          </td>
          <td>
            XK
          </td>
          <td>
            9852
          </td>
        </tr>
        <tr
          className="CarRow"
          onClick={[Function]}
        >
          <td>
            2014
          </td>
          <td>
            Nissan
          </td>
          <td>
            Juke
          </td>
          <td>
            10457
          </td>
        </tr>
        <tr
          className="CarRow"
          onClick={[Function]}
        >
          <td>
            2014
          </td>
          <td>
            SRT
          </td>
          <td>
            Viper
          </td>
          <td>
            8411
          </td>
        </tr>
        <tr
          className="CarRow"
          onClick={[Function]}
        >
          <td>
            2014
          </td>
          <td>
            Mini
          </td>
          <td>
            Cooper
          </td>
          <td>
            12457
          </td>
        </tr>
        <tr
          className="CarRow"
          onClick={[Function]}
        >
          <td>
            2014
          </td>
          <td>
            Infinity
          </td>
          <td>
            Q60
          </td>
          <td>
            9256
          </td>
        </tr>
        <tr
          className="CarRow"
          onClick={[Function]}
        >
          <td>
            2014
          </td>
          <td>
            Buick
          </td>
          <td>
            Enclave
          </td>
          <td>
            9587
          </td>
        </tr>
      </tbody>
    </table>
    <div
      className="paginationButtons"
    >
      <button
        onClick={[Function]}
      >
        &lt;
      </button>
      <span>
        1
         of 
        2
      </span>
      <button
        onClick={[Function]}
      >
        &gt;
      </button>
    </div>
  </div>
  <div
    className="modalOverlay"
    onClick={[Function]}
  >
    <div
      className="modal"
      onClick={[Function]}
    >
      <span
        className="exit"
        onClick={[Function]}
      >
        X
      </span>
      <ul>
        <li>
          Year: 
        </li>
        <li>
          Make: 
        </li>
        <li>
          Model: 
        </li>
        <li>
          Mileage: 
        </li>
      </ul>
      <img
        alt=""
        src={undefined}
      />
    </div>
  </div>
</main>
`;
