// Jest Snapshot v1, https://goo.gl/fbAQLP

exports[`the CarFinder component renders correctly 1`] = `
<main
  className="grid"
>
  <div>
    <div>
      <label>
        Sort By:
        <select
          onChange={[Function]}
        >
          <option
            value="year"
          >
            Year
          </option>
          <option
            value="mileage"
          >
            Mileage
          </option>
          <option
            value="created_at"
          >
            Date
          </option>
        </select>
      </label>
    </div>
    <input
      onChange={[Function]}
      type="text"
    />
    <table
      className="CarList"
    >
      <thead>
        <tr>
          <th>
            Year
          </th>
          <th>
            Make
          </th>
          <th>
            Model
          </th>
          <th>
            Mileage
          </th>
        </tr>
      </thead>
      <tbody>
        <tr
          className="CarRow"
          onClick={[Function]}
        >
          <td>
            2013
          </td>
          <td>
            Audi
          </td>
          <td>
            A5
          </td>
          <td>
            17216
          </td>
        </tr>
        <tr
          className="CarRow"
          onClick={[Function]}
        >
          <td>
            2013
          </td>
          <td>
            Jeep
          </td>
          <td>
            Wrangler Unlimited
          </td>
          <td>
            19000
          </td>
        </tr>
        <tr
          className="CarRow"
          onClick={[Function]}
        >
          <td>
            2014
          </td>
          <td>
            Jaguar
          </td>
          <td>
            XK
          </td>
          <td>
            9852
          </td>
        </tr>
      </tbody>
    </table>
    <div>
      <button
        onClick={[Function]}
      >
        &lt;
      </button>
      <span>
        1
         of 
        1
      </span>
      <button
        onClick={[Function]}
      >
        &gt;
      </button>
    </div>
  </div>
  <p />
</main>
`;
