// Jest Snapshot v1, https://goo.gl/fbAQLP

exports[`the PaginationButtons component renders correctly 1`] = `
<div
  className="paginationButtons"
>
  <button
    onClick={[Function]}
  >
    &lt;
  </button>
  <span>
    4
     of 
    11
  </span>
  <button
    onClick={[Function]}
  >
    &gt;
  </button>
</div>
`;
